// Jest Snapshot v1, https://goo.gl/fbAQLP

exports[`SanitizedInput should render correctly 1`] = `
<TextInput
  allowFontScaling={true}
  onChangeText={[Function]}
  rejectResponderTermination={true}
  underlineColorAndroid="transparent"
/>
`;
