// Jest Snapshot v1, https://goo.gl/fbAQLP

exports[`FormInput should render correctly 1`] = `
Array [
  <RCTInputAccessoryView
    nativeID="testNativeID"
    style={
      Array [
        undefined,
        Object {
          "position": "absolute",
        },
      ]
    }
  >
    <View
      style={
        Array [
          Object {
            "flexDirection": "row",
            "justifyContent": "flex-end",
            "padding": 4,
            "shadowOffset": Object {
              "height": 0,
              "width": 0,
            },
            "shadowOpacity": 1,
            "shadowRadius": 0.5,
          },
          Object {
            "backgroundColor": "#F2F2F2",
          },
          undefined,
        ]
      }
    >
      <View
        accessibilityRole="button"
        accessibilityState={Object {}}
        accessible={true}
        focusable={true}
        onClick={[Function]}
        onResponderGrant={[Function]}
        onResponderMove={[Function]}
        onResponderRelease={[Function]}
        onResponderTerminate={[Function]}
        onResponderTerminationRequest={[Function]}
        onStartShouldSetResponder={[Function]}
        style={
          Object {
            "opacity": 1,
          }
        }
      >
        <View
          style={
            Array [
              Object {},
            ]
          }
        >
          <Text
            style={
              Array [
                Object {
                  "color": "#007AFF",
                  "fontSize": 18,
                  "margin": 8,
                  "textAlign": "center",
                },
                Object {
                  "color": "rgb(127, 43, 123)",
                },
              ]
            }
          >
            Done
          </Text>
        </View>
      </View>
    </View>
  </RCTInputAccessoryView>,
  <View
    style={
      Object {
        "marginBottom": 4,
      }
    }
  />,
  <View>
    <View
      style={
        Array [
          Object {
            "borderRadius": 4,
            "borderWidth": 1,
            "flexDirection": "row",
            "height": 50,
            "justifyContent": "space-between",
            "overflow": "hidden",
            "paddingLeft": 15,
            "position": "relative",
          },
          Object {
            "borderColor": "#C3C3C3",
          },
          false,
          false,
          Object {
            "alignItems": "center",
          },
          undefined,
        ]
      }
    >
      <TextInput
        accessibilityHint="Double tap to enter"
        accessible={true}
        allowFontScaling={true}
        editable={true}
        inputAccessoryViewID="testNativeID"
        onBlur={[Function]}
        onChangeText={[Function]}
        onFocus={[Function]}
        placeholderTextColor="#808080"
        rejectResponderTermination={true}
        style={
          Array [
            Object {
              "flex": 1,
              "fontFamily": "Aspira-Regular",
              "fontSize": 16,
              "fontWeight": "400",
              "lineHeight": 20,
              "position": "relative",
              "top": -2,
            },
            Object {
              "color": "#4D4D4D",
            },
            undefined,
          ]
        }
        testID="input_field_dummyname"
        underlineColorAndroid="transparent"
        value="dummyValue"
      />
    </View>
    <View
      style={
        Object {
          "marginTop": 6,
          "minHeight": 16,
          "position": "relative",
        }
      }
    />
  </View>,
]
`;
